// Jest Snapshot v1, https://goo.gl/fbAQLP

exports[`PokemonPage Component It must match the snapshot when the pokemons load 1`] = `
<div class="fade-in">
  <h1>¿Cuál es este Pokémon?</h1>
  <pokemon-picture-stub pokemonid="1" showpokemon="false"></pokemon-picture-stub>
  <pokemon-options-stub pokemons="[object Object],[object Object],[object Object],[object Object]"></pokemon-options-stub>
  <!--v-if-->
</div>
`;

exports[`PokemonPage Component should be match with snapshot 1`] = `<h1>Cargando...</h1>`;
